  10:15:00  H-CA-1      Worker started
  10:15:30  H-CA-1      Cloning repository...
  10:16:00  H-CA-2      Worker started
  10:16:30  M-FE-1      PR created (#43)
  10:17:00  M-FE-2      CI failed: lint errors
  ────────────────────────────────────────────────────────────────────────────
  ◌ 1 verifying  ● 1 in review  ◌ 1 ci pending  ▸ 1 implementing  ✗ 1 ci failed  · 2 queued  7 items
  › auto · shift+tab merge · Esc/p pause · q quit · c controls · ? help































