ninthwave status

    ID          STATE          DURATION TITLE
  ──────────────────────────────────────────────────────────────────────────────────────────────────────────────────────
  ✓ H-CA-1      Merged (#42)   15m      Add authentication middleware
  ✓ H-CA-2      Merged (#43)   15m      Database migration for users table
  ✓ M-FE-1      Merged (#44)   15m      Login form component
  ──────────────────────────────────────────────────────────────────────────────────────────────────────────────────────
  ✓ 3 merged                                                                                                     3 items