Ninthwave

    ID          STATE          DURATION TITLE
  ──────────────────────────────────────────────────────────────────────────────
  ✓ H-CA-1      Done (#42)     15m      Add authentication middleware
  ✓ H-CA-2      Done (#43)     15m      Database migration for users table
  ✓ M-FE-1      Done (#44)     15m      Login form component
  ──────────────────────────────────────────────────────────────────────────────
  ✓ 3 done                                                              3 items